// Jest Snapshot v1, https://goo.gl/fbAQLP

exports[`should render Exam correctly 1`] = `
<div
  className="exam"
>
  <Connect(ExamUpperNavigation) />
  <Connect(ExamBody) />
  <WithStyles(Connect(ExamLowerNavigation)) />
</div>
`;
