// Jest Snapshot v1, https://goo.gl/fbAQLP

exports[`should correctly render LoadingPage 1`] = `
<LoadingPage
  classes={
    Object {
      "progress": "LoadingPage-progress-1",
    }
  }
/>
`;
