// Jest Snapshot v1, https://goo.gl/fbAQLP

exports[`should render PrevExams correctly 1`] = `
<div
  className="content-container"
>
  <WithStyles(Paper)>
    <div
      className="prevExams"
    >
      <div
        className="prevExam"
        key="1"
        onClick={[Function]}
      >
        <div>
          <WithStyles(Chip)
            color="primary"
            key="0"
            label="חיבור"
            variant="outlined"
          />
          <WithStyles(Chip)
            color="primary"
            key="1"
            label="חיסור"
            variant="outlined"
          />
        </div>
        <WithStyles(Connect(NumbersNavigation))
          answeredQuestions={Array []}
          currQuestion={0}
          questions={
            Array [
              Object {
                "index": 1,
                "question": "1 + 2 = ?",
                "solutions": Array [
                  1,
                  3,
                  4,
                ],
              },
              Object {
                "index": 1,
                "question": "1 + 2 = ?",
                "solutions": Array [
                  1,
                  3,
                  4,
                ],
              },
              Object {
                "index": 1,
                "question": "1 + 2 = ?",
                "solutions": Array [
                  1,
                  3,
                  4,
                ],
              },
              Object {
                "index": 1,
                "question": "1 + 2 = ?",
                "solutions": Array [
                  1,
                  3,
                  4,
                ],
              },
              Object {
                "index": 1,
                "question": "1 + 2 = ?",
                "solutions": Array [
                  1,
                  3,
                  4,
                ],
              },
              Object {
                "index": 1,
                "question": "1 + 2 = ?",
                "solutions": Array [
                  1,
                  3,
                  4,
                ],
              },
              Object {
                "index": 1,
                "question": "1 + 2 = ?",
                "solutions": Array [
                  1,
                  3,
                  4,
                ],
              },
              Object {
                "index": 1,
                "question": "1 + 2 = ?",
                "solutions": Array [
                  1,
                  3,
                  4,
                ],
              },
              Object {
                "index": 1,
                "question": "1 + 2 = ?",
                "solutions": Array [
                  1,
                  3,
                  4,
                ],
              },
              Object {
                "index": 1,
                "question": "1 + 2 = ?",
                "solutions": Array [
                  1,
                  3,
                  4,
                ],
              },
            ]
          }
          questionsStatus={
            Array [
              "mistake",
              "mistake",
              "mistake",
              "mistake",
              "mistake",
              "mistake",
              "mistake",
              "mistake",
              "mistake",
              "mistake",
            ]
          }
        />
      </div>
      <div
        className="prevExam"
        key="2"
        onClick={[Function]}
      >
        <div>
          <WithStyles(Chip)
            color="primary"
            key="0"
            label="כפל"
            variant="outlined"
          />
          <WithStyles(Chip)
            color="primary"
            key="1"
            label="חילוק"
            variant="outlined"
          />
        </div>
        <WithStyles(Connect(NumbersNavigation))
          answeredQuestions={Array []}
          currQuestion={0}
          questions={
            Array [
              Object {
                "index": 2,
                "question": "4 + 3 = ?",
                "solutions": Array [
                  5,
                  6,
                  7,
                ],
              },
            ]
          }
          questionsStatus={
            Array [
              "mistake",
              "mistake",
              "mistake",
              "mistake",
              "mistake",
              "mistake",
              "mistake",
              "mistake",
              "mistake",
              "mistake",
            ]
          }
        />
      </div>
      <WithStyles(Modal)
        aria-describedby="simple-modal-description"
        aria-labelledby="simple-modal-title"
        className="MuiModal-root-container"
        onClose={[Function]}
        open={false}
      >
        <WithTheme(Slide)
          direction="up"
          in={false}
          mountOnEnter={true}
          unmountOnExit={true}
        >
          <div
            className="exam__modal-box"
            style={
              Object {
                "margin": "auto",
              }
            }
          >
            <Component />
          </div>
        </WithTheme(Slide)>
      </WithStyles(Modal)>
    </div>
  </WithStyles(Paper)>
</div>
`;
